// Jest Snapshot v1, https://goo.gl/fbAQLP

exports[`renders WyzebotToolbar 1`] = `
<ForwardRef(Box)
  module="wyzebots"
>
  <ForwardRef(Box)
    sx={
      Object {
        "display": "flex",
        "justifyContent": "flex-end",
      }
    }
  >
    <ForwardRef(Button)
      color="primary"
      component={
        Object {
          "$$typeof": Symbol(react.forward_ref),
          "render": [Function],
        }
      }
      to="/wyzebots/create"
      variant="contained"
    >
       Add Wyzebot 
    </ForwardRef(Button)>
  </ForwardRef(Box)>
</ForwardRef(Box)>
`;
